Xmp.video.FileSize                           XmpText     8  0.275879  0.275879
Xmp.video.FileName                           XmpText    72  /home/mohamed.chebbi@devel.iress.com.au/github/exiv2/test/data/flame.avi  /home/mohamed.chebbi@devel.iress.com.au/github/exiv2/test/data/flame.avi
Xmp.video.MimeType                           XmpText    10  video/riff  video/riff
Xmp.video.Container                          XmpText     4  RIFF  RIFF
Xmp.video.FileType                           XmpText     4  AVI   AVI 
Xmp.video.MicroSecPerFrame                   XmpText     5  28571  28571
Xmp.video.MaxDataRate                        XmpText     7  93.0918  93.0918
Xmp.video.FrameCount                         XmpText     3  110  110
Xmp.video.StreamCount                        XmpText     1  1  1
Xmp.video.Width                              XmpText     3  256  256
Xmp.video.Height                             XmpText     3  240  240
Xmp.video.AspectRatio                        XmpText     3  1:1  1:1
Xmp.video.FileDataRate                       XmpText    11  8.78036e-05  8.78036e-05
Xmp.video.Duration                           XmpText     4  3142  3142
Xmp.video.Codec                              XmpText     4  cvid  cvid
Xmp.video.FrameRate                          XmpText     2  35  35
Xmp.video.VideoQuality                       XmpText     1  0  0
Xmp.video.VideoSampleSize                    XmpText     1  0  0
Xmp.video.Planes                             XmpText     1  1  1
Xmp.video.PixelDepth                         XmpText     2  24  24
Xmp.video.Compressor                         XmpText     4  IV41  IV41
Xmp.video.ImageLength                        XmpText     6  138240  138240
Xmp.video.PixelPerMeterX                     XmpText     1  0  0
Xmp.video.PixelPerMeterY                     XmpText     1  0  0
Xmp.video.NumOfColours                       XmpText    11  Unspecified  Unspecified
Xmp.video.NumOfImpColours                    XmpText     3  All  All
Xmp.video.Junk                               XmpText     0  
