Xmp.video.FileSize                           XmpText     7  0.48901  0.48901
Xmp.video.FileName                           XmpText    91  /home/mohamed.chebbi@devel.iress.com.au/github/exiv2/test/data/Free_Test_Data_500KB_WAV.wav  /home/mohamed.chebbi@devel.iress.com.au/github/exiv2/test/data/Free_Test_Data_500KB_WAV.wav
Xmp.video.MimeType                           XmpText    10  video/riff  video/riff
Xmp.video.Container                          XmpText     4  RIFF  RIFF
Xmp.video.FileType                           XmpText     4  WAVE  WAVE
Xmp.audio.Compressor                         XmpText    13  Microsoft PCM  Microsoft PCM
Xmp.audio.ChannelType                        XmpText     6  Stereo  Stereo
Xmp.audio.SampleRate                         XmpText     5  44100  44100
Xmp.audio.SampleType                         XmpText     5  45328  45328
Xmp.audio.BitsPerSample                      XmpText     2  16  16
